{"outcome":"report command supports CSV export","done_criteria":["`afk report --csv` emits valid RFC 4180 CSV","existing JSON output unchanged","unit test covers the CSV encoder"],"must_do":["add a --csv flag to the report command","route output through a dedicated CSV encoder"],"avoid":["breaking the default JSON output","writing CSV by string concatenation"],"philosophy":"smallest change that satisfies the done criteria; reuse existing output plumbing","tasks":["add --csv flag to the report command","implement the CSV encoder for report rows","add a unit test asserting valid CSV output"]}
